param(repr): param-with-spec=`test`
param(str): param-with-spec: test
param(repr): empty-param=``
param(str): empty-param: 
param(repr): some-param=`some-value`
param(str): some-param: some-value
param-with-spec=test
empty-param=
some-param=some-value
param-with-spec
empty-param
some-param