<?xml version="1.0" encoding="UTF-8"?>
<project xmlns:xsi="http://www.w3.org/2001/XMLSchema-instance" uuid="8d3be080-17c2-46ce-bac3-f421692a1cd8" xsi:noNamespaceSchemaLocation="http://www.jetbrains.com/teamcity/schemas/10.0/project-config.xsd">
  <name>Unit Test</name>
  <description>Project with some parameters</description>
  <parameters>
    <param name="param-with-spec" value="test" spec="text description='description' label='label' validationMode='any' display='normal'" />
    <param name="empty-param" value="" />
    <param name="some-param" value="some-value" />
    <param name="test" value="test-value" />
  </parameters>
  <project-extensions />
  <cleanup />
</project>